# 演習 5 回目（staging・2026-09-20）— ★終了コード 0。★①′ の 8 項目すべて

実行: npx tsx tools/seed-world.mjs --env staging --allow-all-names --wipe-races
[env] 接続先: secrets.staging.env

  生成 40755 頭（71.5秒）        ← ★3 回目は 179.3 秒。★同じ種でも 2.5 倍 ばらつく
  投入対象 7370 頭
  ⚠️ ★truncate のために足した参照 1 本: horse_week_log → horses（cascade）
  ★空にしました: horses（7,370 行）ほか 7 表は 0 行（★4 回目の残り）
  ★1 文の truncate で 0.2 秒
  投入 7370 頭 完了 ／ ★基準の週 259     ← ★4 回目は 258（★ゲーム内 1 週 = 実時間 4 時間）
  ★現役 2400 / 種牡馬 200 / 繁殖牝馬 800 / 功労馬 3970
  ★16 回で追いつきました（延べ 247,580 頭週 / 引退 12 頭 / 261秒）
  DB: {"total":7370,"active":2388,"aged_retired":4970,"no_birth_week":0,"active_birth_weeks":156}
  ✓ ①  birth_week が無い馬が 0 頭（PROD-NEVER-AGED）
  ✓ ②a 投入時に「引退」と書いた馬が DB でもそのまま引退  reason=age 4970 / 期待 4970
  ✓ ②b 現役 2388 ＋ 追いつき中の引退 12 ＝ 2400 / プリシード 2400
  ✓ ③  現役の birth_week が 156 種類（SEED-LOCKSTEP）
  ★世界を作りました
  [exited with code 0]
  🔴 nameCheckSkipped: true — ★この世界の名前は未検査（★--allow-all-names）

## ★後から測ったもの（★読むだけ・★別プロセス）
  追いつきの到達 … 現役 2,388 頭 **全部が last_processed_week = 259**（★届いていない馬 **0**）
  実現率 stats/potential … 平均 **0.6849**（範囲 0.3308〜0.9623・n=2,388）
  引退の内訳 … age/honored 3,970・age/broodmare 800・age/stallion 200
                career_ending_injury/stallion **7**・同/broodmare **5**
  ⚠️ 3 回目は 206/806、5 回目は 207/805。**どの馬が故障するかは週しだいで変わります**

## 🔴 ★ここで 2 つ、★自分の間違いを直しました
① ★**予言 3 の名前を取り違えていました。**
   ★3 回目に「素質開放率 0.3149 → 0.6852」と報告しましたが、
   ★`horses.unlock_rate` という列は ★**育成では書き換わりません**（★遺伝の定数）。
   ★実測: 追いつき後も 平均 **0.3148**・範囲 0.28〜0.35。
   ✅ ★上がるのは ★**実現率 = sum(stats) ÷ sum(potential)**。
   ★投入直後はこれが unlock_rate とほぼ同じ値になる（★生まれた能力 = 素質 × 開放率）ので、
   ★★**別物が同じ 0.3149 に見えていました。**
   → ★数字は合っていましたが、★**名前が違うと、列で測った人が「上がっていない」と読みます。**

② ★**進み具合の表示が、動かない数を見ていました。**
   ★旧: `min(last_processed_week - birth_week)` を「いちばん遅い馬の週齢」と出していた。
   ★これは ★**いちばん若い馬の週齢**（★2 歳なら 104）で、★追いつき終わっても 104 のまま。
   ✅ ★新: ★**基準の週に届いていない頭数**を出します。
