# ★POOL-SUPPLY の合否  12 ゲーム内年 / 種 20260833 / 上げ方 top
  ⚠️ ★引退は年齢だけ（★故障と調教は入っていません）→ ★釣り合いは上振れ側の評価です
  ★初期の世界 7370 頭（124.7秒）
    ⚠️ ★相性表（nicks）が空です。★全組み合わせ 1.00 で配合します（★§6.6 の帯の下端）
    週 311: 種牡馬 200 / 繁殖牝馬 800 / うち産める 742 / 控え 1897 / 今年 配合済 787
           ★この 1 年: 番が来た 787 / 生まれた 787 / 相手なし 0
    週 363: 種牡馬 200 / 繁殖牝馬 800 / うち産める 738 / 控え 2261 / 今年 配合済 785
           ★この 1 年: 番が来た 798 / 生まれた 798 / 相手なし 0
    週 415: 種牡馬 200 / 繁殖牝馬 800 / うち産める 740 / 控え 2608 / 今年 配合済 787
           ★この 1 年: 番が来た 802 / 生まれた 802 / 相手なし 0
    週 467: 種牡馬 200 / 繁殖牝馬 800 / うち産める 729 / 控え 2922 / 今年 配合済 788
           ★この 1 年: 番が来た 801 / 生まれた 801 / 相手なし 0
    週 519: 種牡馬 200 / 繁殖牝馬 800 / うち産める 686 / 控え 2849 / 今年 配合済 787
           ★この 1 年: 番が来た 799 / 生まれた 799 / 相手なし 0
    週 571: 種牡馬 200 / 繁殖牝馬 800 / うち産める 662 / 控え 2735 / 今年 配合済 784
           ★この 1 年: 番が来た 797 / 生まれた 797 / 相手なし 0
    週 623: 種牡馬 200 / 繁殖牝馬 800 / うち産める 681 / 控え 2965 / 今年 配合済 786
           ★この 1 年: 番が来た 802 / 生まれた 802 / 相手なし 0
    週 675: 種牡馬 200 / 繁殖牝馬 800 / うち産める 557 / 控え 3248 / 今年 配合済 788
           ★この 1 年: 番が来た 802 / 生まれた 802 / 相手なし 0
    週 727: 種牡馬 200 / 繁殖牝馬 800 / うち産める 783 / 控え 3400 / 今年 配合済 790
           ★この 1 年: 番が来た 802 / 生まれた 802 / 相手なし 0
    週 779: 種牡馬 200 / 繁殖牝馬 800 / うち産める 723 / 控え 3780 / 今年 配合済 790
           ★この 1 年: 番が来た 800 / 生まれた 800 / 相手なし 0
    週 831: 種牡馬 200 / 繁殖牝馬 800 / うち産める 721 / 控え 4118 / 今年 配合済 790
           ★この 1 年: 番が来た 800 / 生まれた 800 / 相手なし 0
    週 883: 種牡馬 200 / 繁殖牝馬 800 / うち産める 700 / 控え 4438 / 今年 配合済 791
           ★この 1 年: 番が来た 801 / 生まれた 801 / 相手なし 0
  ★624 週 回しました（331.2秒）
  ★導出した必要数: 現役 2028 頭 / 繁殖牝馬 676 頭（★平均出走頭数 13）
  ★正典 §10.5 の宣言: 繁殖牝馬 800 頭（★目標）
  … （立ち上がり 2 年を除く）出走年齢に達した 3200 頭 / 引退 3200 頭 / 週あたりの差 0.000 ± 0.266（SE）
  ✓ ① ★週あたり「出走年齢に達した − 引退した」が 0 と区別できない  平均 0.000 / 2SE 0.532
  ✓ ② ★現役が★導出した必要数を下回っていない（★初期値とは比べません）  最後 2400 頭 / 必要 2028 頭 / 傾き 0.1100 頭/週
  ✓ ③ ★現役の birth_week が 156 種類 以上（★B-3 の散らばりが保たれている）  156 種類
  ✓ ④ 🔴 ★有効系統数 ≥ 5（★D-026）  有効 6.29 / 実数 10 / 最大占有 26.6%
  … 最後の週: 現役 2400 頭（★初期 2400 頭）

✅ ★合格（★POOL-SUPPLY の釣り合い）— ★判定できた 4 件 すべて

[exited with code 0]
