# ★POOL-SUPPLY の合否  12 ゲーム内年 / 種 20260833 / 上げ方 top
  ⚠️ ★引退は年齢だけ（★故障と調教は入っていません）→ ★釣り合いは上振れ側の評価です
  ★初期の世界 7370 頭（86.1秒）
    ⚠️ ★相性表（nicks）が空です。★全組み合わせ 1.00 で配合します（★§6.6 の帯の下端）
    週 311: 種牡馬 200 / 繁殖牝馬 800 / うち産める 742 / 控え 1897 / 今年 配合済 787
           ★この 1 年: 番が来た 787 / 生まれた 787 / 相手なし 0
    週 363: 種牡馬 200 / 繁殖牝馬 742 / うち産める 682 / 控え 2319 / 今年 配合済 729
           ★この 1 年: 番が来た 742 / 生まれた 742 / 相手なし 0
    週 415: 種牡馬 200 / 繁殖牝馬 680 / うち産める 627 / 控え 2730 / 今年 配合済 669
           ★この 1 年: 番が来た 682 / 生まれた 682 / 相手なし 0
    週 467: 種牡馬 200 / 繁殖牝馬 676 / うち産める 610 / 控え 3055 / 今年 配合済 666
           ★この 1 年: 番が来た 677 / 生まれた 677 / 相手なし 0
    週 519: 種牡馬 200 / 繁殖牝馬 676 / うち産める 571 / 控え 2987 / 今年 配合済 667
           ★この 1 年: 番が来た 677 / 生まれた 677 / 相手なし 0
    週 571: 種牡馬 200 / 繁殖牝馬 676 / うち産める 545 / 控え 2882 / 今年 配合済 664
           ★この 1 年: 番が来た 673 / 生まれた 673 / 相手なし 0
    週 623: 種牡馬 200 / 繁殖牝馬 676 / うち産める 572 / 控え 3119 / 今年 配合済 663
           ★この 1 年: 番が来た 675 / 生まれた 675 / 相手なし 0
    週 675: 種牡馬 200 / 繁殖牝馬 676 / うち産める 443 / 控え 3385 / 今年 配合済 665
           ★この 1 年: 番が来た 678 / 生まれた 678 / 相手なし 0
    週 727: 種牡馬 200 / 繁殖牝馬 676 / うち産める 659 / 控え 3485 / 今年 配合済 663
           ★この 1 年: 番が来た 674 / 生まれた 674 / 相手なし 0
    週 779: 種牡馬 200 / 繁殖牝馬 676 / うち産める 658 / 控え 3792 / 今年 配合済 663
           ★この 1 年: 番が来た 676 / 生まれた 676 / 相手なし 0
    週 831: 種牡馬 200 / 繁殖牝馬 676 / うち産める 615 / 控え 4123 / 今年 配合済 664
           ★この 1 年: 番が来た 677 / 生まれた 677 / 相手なし 0
    週 883: 種牡馬 200 / 繁殖牝馬 676 / うち産める 595 / 控え 4411 / 今年 配合済 665
           ★この 1 年: 番が来た 677 / 生まれた 677 / 相手なし 0
  ★624 週 回しました（220.7秒）
  ★導出した必要数: 現役 2028 頭 / 繁殖牝馬 676 頭（★平均出走頭数 13）
  … （立ち上がり 2 年を除く）出走年齢に達した 2704 頭 / 引退 2704 頭 / 週あたりの差 0.000 ± 0.244（SE）
  ✓ ① ★週あたり「出走年齢に達した − 引退した」が 0 と区別できない  平均 0.000 / 2SE 0.489
  ✓ ② ★現役が★導出した必要数を下回っていない（★初期値とは比べません）  最後 2028 頭 / 必要 2028 頭 / 傾き 0.1423 頭/週
  ✓ ③ ★現役の birth_week が 156 種類 以上（★B-3 の散らばりが保たれている）  156 種類
  ✓ ④ 🔴 ★有効系統数 ≥ 5（★D-026）  有効 6.26 / 実数 10 / 最大占有 26.5%
  … 最後の週: 現役 2028 頭（★初期 2400 頭）

✅ ★合格（★POOL-SUPPLY の釣り合い）— ★判定できた 4 件 すべて

[exited with code 0]
